// Jest Snapshot v1, https://goo.gl/fbAQLP

exports[`<Product> renders correctly 1`] = `
ShallowWrapper {
  "length": 1,
  Symbol(enzyme.__root__): [Circular],
  Symbol(enzyme.__unrendered__): <ProductCheckout
    id="classic"
    price={394.99}
    priceReduced={4}
    quantity={379.99}
    title="Premium Ad"
  />,
  Symbol(enzyme.__renderer__): Object {
    "batchedUpdates": [Function],
    "getNode": [Function],
    "render": [Function],
    "simulateEvent": [Function],
    "unmount": [Function],
  },
  Symbol(enzyme.__node__): Object {
    "instance": null,
    "key": undefined,
    "nodeType": "host",
    "props": Object {
      "children": Array [
        "Premium Ad",
        ": $",
        4,
        " ",
        " x 379.99",
        "= ",
        "1519.96",
        "",
        "",
      ],
      "className": "classic",
    },
    "ref": null,
    "rendered": Array [
      "Premium Ad",
      ": $",
      4,
      " ",
      " x 379.99",
      "= ",
      "1519.96",
      "",
      "",
    ],
    "type": "div",
  },
  Symbol(enzyme.__nodes__): Array [
    Object {
      "instance": null,
      "key": undefined,
      "nodeType": "host",
      "props": Object {
        "children": Array [
          "Premium Ad",
          ": $",
          4,
          " ",
          " x 379.99",
          "= ",
          "1519.96",
          "",
          "",
        ],
        "className": "classic",
      },
      "ref": null,
      "rendered": Array [
        "Premium Ad",
        ": $",
        4,
        " ",
        " x 379.99",
        "= ",
        "1519.96",
        "",
        "",
      ],
      "type": "div",
    },
  ],
  Symbol(enzyme.__options__): Object {
    "adapter": ReactSixteenAdapter {
      "options": Object {
        "enableComponentDidUpdateOnSetState": true,
      },
    },
  },
}
`;
