// Jest Snapshot v1, https://goo.gl/fbAQLP

exports[`<ProductList> renders correctly 1`] = `
ShallowWrapper {
  "length": 1,
  Symbol(enzyme.__root__): [Circular],
  Symbol(enzyme.__unrendered__): <ProductList
    addToCart={[MockFunction]}
    products={
      Array [
        Object {
          "id": "classic",
          "price": 269.99,
          "title": "Classic Ad",
        },
        Object {
          "id": "standout",
          "price": 322.99,
          "title": "Standout Ad",
        },
        Object {
          "id": "premium",
          "price": 394.99,
          "title": "Premium Ad",
        },
      ]
    }
    rulesDesc={
      Array [
        "5 for 4 deal on Classic Ads",
        "Standout Ad drops to $309.99 per ad",
        "Premium Ads drop to $389.99 per ad when 3 or more are purchased",
      ]
    }
  />,
  Symbol(enzyme.__renderer__): Object {
    "batchedUpdates": [Function],
    "getNode": [Function],
    "render": [Function],
    "simulateEvent": [Function],
    "unmount": [Function],
  },
  Symbol(enzyme.__node__): Object {
    "instance": null,
    "key": undefined,
    "nodeType": "host",
    "props": Object {
      "children": Array [
        <h2>
          Ad packages
        </h2>,
        <styled.div>
          <ProductItem
            onClickAddToCart={[Function]}
            product={
              Object {
                "id": "classic",
                "price": 269.99,
                "title": "Classic Ad",
              }
            }
            promo="5 for 4 deal on Classic Ads"
          />
          <ProductItem
            onClickAddToCart={[Function]}
            product={
              Object {
                "id": "standout",
                "price": 322.99,
                "title": "Standout Ad",
              }
            }
            promo="Standout Ad drops to $309.99 per ad"
          />
          <ProductItem
            onClickAddToCart={[Function]}
            product={
              Object {
                "id": "premium",
                "price": 394.99,
                "title": "Premium Ad",
              }
            }
            promo="Premium Ads drop to $389.99 per ad when 3 or more are purchased"
          />
        </styled.div>,
      ],
    },
    "ref": null,
    "rendered": Array [
      Object {
        "instance": null,
        "key": undefined,
        "nodeType": "host",
        "props": Object {
          "children": "Ad packages",
        },
        "ref": null,
        "rendered": "Ad packages",
        "type": "h2",
      },
      Object {
        "instance": null,
        "key": undefined,
        "nodeType": "class",
        "props": Object {
          "children": Array [
            <ProductItem
              onClickAddToCart={[Function]}
              product={
                Object {
                  "id": "classic",
                  "price": 269.99,
                  "title": "Classic Ad",
                }
              }
              promo="5 for 4 deal on Classic Ads"
            />,
            <ProductItem
              onClickAddToCart={[Function]}
              product={
                Object {
                  "id": "standout",
                  "price": 322.99,
                  "title": "Standout Ad",
                }
              }
              promo="Standout Ad drops to $309.99 per ad"
            />,
            <ProductItem
              onClickAddToCart={[Function]}
              product={
                Object {
                  "id": "premium",
                  "price": 394.99,
                  "title": "Premium Ad",
                }
              }
              promo="Premium Ads drop to $389.99 per ad when 3 or more are purchased"
            />,
          ],
        },
        "ref": null,
        "rendered": Array [
          Object {
            "instance": null,
            "key": "classic",
            "nodeType": "function",
            "props": Object {
              "onClickAddToCart": [Function],
              "product": Object {
                "id": "classic",
                "price": 269.99,
                "title": "Classic Ad",
              },
              "promo": "5 for 4 deal on Classic Ads",
            },
            "ref": null,
            "rendered": null,
            "type": [Function],
          },
          Object {
            "instance": null,
            "key": "standout",
            "nodeType": "function",
            "props": Object {
              "onClickAddToCart": [Function],
              "product": Object {
                "id": "standout",
                "price": 322.99,
                "title": "Standout Ad",
              },
              "promo": "Standout Ad drops to $309.99 per ad",
            },
            "ref": null,
            "rendered": null,
            "type": [Function],
          },
          Object {
            "instance": null,
            "key": "premium",
            "nodeType": "function",
            "props": Object {
              "onClickAddToCart": [Function],
              "product": Object {
                "id": "premium",
                "price": 394.99,
                "title": "Premium Ad",
              },
              "promo": "Premium Ads drop to $389.99 per ad when 3 or more are purchased",
            },
            "ref": null,
            "rendered": null,
            "type": [Function],
          },
        ],
        "type": [Function],
      },
    ],
    "type": "div",
  },
  Symbol(enzyme.__nodes__): Array [
    Object {
      "instance": null,
      "key": undefined,
      "nodeType": "host",
      "props": Object {
        "children": Array [
          <h2>
            Ad packages
          </h2>,
          <styled.div>
            <ProductItem
              onClickAddToCart={[Function]}
              product={
                Object {
                  "id": "classic",
                  "price": 269.99,
                  "title": "Classic Ad",
                }
              }
              promo="5 for 4 deal on Classic Ads"
            />
            <ProductItem
              onClickAddToCart={[Function]}
              product={
                Object {
                  "id": "standout",
                  "price": 322.99,
                  "title": "Standout Ad",
                }
              }
              promo="Standout Ad drops to $309.99 per ad"
            />
            <ProductItem
              onClickAddToCart={[Function]}
              product={
                Object {
                  "id": "premium",
                  "price": 394.99,
                  "title": "Premium Ad",
                }
              }
              promo="Premium Ads drop to $389.99 per ad when 3 or more are purchased"
            />
          </styled.div>,
        ],
      },
      "ref": null,
      "rendered": Array [
        Object {
          "instance": null,
          "key": undefined,
          "nodeType": "host",
          "props": Object {
            "children": "Ad packages",
          },
          "ref": null,
          "rendered": "Ad packages",
          "type": "h2",
        },
        Object {
          "instance": null,
          "key": undefined,
          "nodeType": "class",
          "props": Object {
            "children": Array [
              <ProductItem
                onClickAddToCart={[Function]}
                product={
                  Object {
                    "id": "classic",
                    "price": 269.99,
                    "title": "Classic Ad",
                  }
                }
                promo="5 for 4 deal on Classic Ads"
              />,
              <ProductItem
                onClickAddToCart={[Function]}
                product={
                  Object {
                    "id": "standout",
                    "price": 322.99,
                    "title": "Standout Ad",
                  }
                }
                promo="Standout Ad drops to $309.99 per ad"
              />,
              <ProductItem
                onClickAddToCart={[Function]}
                product={
                  Object {
                    "id": "premium",
                    "price": 394.99,
                    "title": "Premium Ad",
                  }
                }
                promo="Premium Ads drop to $389.99 per ad when 3 or more are purchased"
              />,
            ],
          },
          "ref": null,
          "rendered": Array [
            Object {
              "instance": null,
              "key": "classic",
              "nodeType": "function",
              "props": Object {
                "onClickAddToCart": [Function],
                "product": Object {
                  "id": "classic",
                  "price": 269.99,
                  "title": "Classic Ad",
                },
                "promo": "5 for 4 deal on Classic Ads",
              },
              "ref": null,
              "rendered": null,
              "type": [Function],
            },
            Object {
              "instance": null,
              "key": "standout",
              "nodeType": "function",
              "props": Object {
                "onClickAddToCart": [Function],
                "product": Object {
                  "id": "standout",
                  "price": 322.99,
                  "title": "Standout Ad",
                },
                "promo": "Standout Ad drops to $309.99 per ad",
              },
              "ref": null,
              "rendered": null,
              "type": [Function],
            },
            Object {
              "instance": null,
              "key": "premium",
              "nodeType": "function",
              "props": Object {
                "onClickAddToCart": [Function],
                "product": Object {
                  "id": "premium",
                  "price": 394.99,
                  "title": "Premium Ad",
                },
                "promo": "Premium Ads drop to $389.99 per ad when 3 or more are purchased",
              },
              "ref": null,
              "rendered": null,
              "type": [Function],
            },
          ],
          "type": [Function],
        },
      ],
      "type": "div",
    },
  ],
  Symbol(enzyme.__options__): Object {
    "adapter": ReactSixteenAdapter {
      "options": Object {
        "enableComponentDidUpdateOnSetState": true,
      },
    },
  },
}
`;
